// Jest Snapshot v1, https://goo.gl/fbAQLP

exports[`<ChangeCounterValueButton /> should match Snapchot 1`] = `
<View
  accessibilityComponentType={undefined}
  accessibilityLabel={undefined}
  accessibilityTraits={undefined}
  accessible={true}
  hitSlop={undefined}
  isTVSelectable={true}
  onLayout={undefined}
  onResponderGrant={[Function]}
  onResponderMove={[Function]}
  onResponderRelease={[Function]}
  onResponderTerminate={[Function]}
  onResponderTerminationRequest={[Function]}
  onStartShouldSetResponder={[Function]}
  style={
    Object {
      "alignItems": "center",
      "backgroundColor": "black",
      "borderBottomLeftRadius": 5,
      "borderBottomRightRadius": 5,
      "borderTopLeftRadius": 5,
      "borderTopRightRadius": 5,
      "height": 70,
      "justifyContent": "center",
      "opacity": 1,
      "width": 130,
    }
  }
  testID={undefined}
  tvParallaxProperties={undefined}
>
  <Text
    accessible={true}
    allowFontScaling={true}
    ellipsizeMode="tail"
    style={
      Object {
        "color": "#fffddb",
        "fontSize": 50,
      }
    }
  >
    Test Button
  </Text>
</View>
`;
